...........................
----------------------------------------------------------------------
Ran 27 tests in 0.353s

OK
